{"timestamp":"2026-08-12T19:35:37.229050Z","level":"info","event":"::group::Pre Execute","logger":"task","filename":"task_runner.py","lineno":2303}
{"timestamp":"2026-08-12T19:35:37.546619Z","level":"info","event":"DAG bundles loaded: dags-folder, example_dags, apache-airflow-providers-common-sql-example-dags, apache-airflow-providers-standard-example-dags","run_id":"manual__2026-08-12T19:32:49.552165+00:00","ti_id":"019ff776-995d-7b20-8b17-536fbada20cc","try_number":1,"map_index":-1,"dag_id":"aquamaroc_daily","task_id":"nettoyage","logger":"airflow.dag_processing.bundles.manager.DagBundlesManager","filename":"manager.py","lineno":271}
{"timestamp":"2026-08-12T19:35:37.556173Z","level":"info","event":"Filling up the DagBag from /opt/airflow/dags/aquamaroc_daily.py","run_id":"manual__2026-08-12T19:32:49.552165+00:00","ti_id":"019ff776-995d-7b20-8b17-536fbada20cc","try_number":1,"map_index":-1,"dag_id":"aquamaroc_daily","task_id":"nettoyage","logger":"airflow.dag_processing.dagbag.BundleDagBag","filename":"dagbag.py","lineno":460}
{"timestamp":"2026-08-12T19:35:37.822749Z","level":"info","event":"Worker startup parse complete","bundle_name":"dags-folder","bundle_version":null,"dag_file":"aquamaroc_daily.py","dag_id":"aquamaroc_daily","bundle_prepare_ms":37,"dag_file_parse_ms":269,"run_id":"manual__2026-08-12T19:32:49.552165+00:00","ti_id":"019ff776-995d-7b20-8b17-536fbada20cc","try_number":1,"map_index":-1,"task_id":"nettoyage","logger":"task","filename":"task_runner.py","lineno":1062}
{"timestamp":"2026-08-12T19:35:38.167166Z","level":"info","event":"Task instance is in running state","logger":"task.stdout"}
{"timestamp":"2026-08-12T19:35:38.180208Z","level":"info","event":" Previous state of the Task instance: TaskInstanceState.QUEUED","logger":"task.stdout"}
{"timestamp":"2026-08-12T19:35:38.185255Z","level":"info","event":"Current task name:nettoyage","logger":"task.stdout"}
{"timestamp":"2026-08-12T19:35:38.190903Z","level":"info","event":"Dag name:aquamaroc_daily","logger":"task.stdout"}
{"timestamp":"2026-08-12T19:35:38.175547Z","level":"info","event":"::endgroup::","run_id":"manual__2026-08-12T19:32:49.552165+00:00","ti_id":"019ff776-995d-7b20-8b17-536fbada20cc","try_number":1,"map_index":-1,"dag_id":"aquamaroc_daily","task_id":"nettoyage","logger":"task","filename":"task_runner.py","lineno":2107}
{"timestamp":"2026-08-12T19:36:13.305616Z","level":"info","event":"          date        bassin  ... taux_annee_precedente volume_millions_m3","logger":"task.stdout"}
{"timestamp":"2026-08-12T19:36:13.350828Z","level":"info","event":"0   2026-08-11     أبي رقراق  ...                  75.0              672.0","logger":"task.stdout"}
{"timestamp":"2026-08-12T19:36:13.376549Z","level":"info","event":"1   2026-08-11     أبي رقراق  ...                   NaN              457.0","logger":"task.stdout"}
{"timestamp":"2026-08-12T19:36:13.383235Z","level":"info","event":"2   2026-08-11  زيز كير غريس  ...                  65.0              162.0","logger":"task.stdout"}
{"timestamp":"2026-08-12T19:36:13.398575Z","level":"info","event":"3   2026-08-11  زيز كير غريس  ...                  35.0               63.0","logger":"task.stdout"}
{"timestamp":"2026-08-12T19:36:13.409237Z","level":"info","event":"4   2026-08-11       تانسيفت  ...                  59.0               50.0","logger":"task.stdout"}
{"timestamp":"2026-08-12T19:36:13.415552Z","level":"info","event":"5   2026-08-11       تانسيفت  ...                  40.0               49.0","logger":"task.stdout"}
{"timestamp":"2026-08-12T19:36:13.422572Z","level":"info","event":"6   2026-08-11           سبو  ...                  51.0             2980.0","logger":"task.stdout"}
{"timestamp":"2026-08-12T19:36:13.430059Z","level":"info","event":"7   2026-08-11           سبو  ...                  39.0              842.0","logger":"task.stdout"}
{"timestamp":"2026-08-12T19:36:13.433686Z","level":"info","event":"8   2026-08-11           سبو  ...                  36.0              174.0","logger":"task.stdout"}
{"timestamp":"2026-08-12T19:36:13.437102Z","level":"info","event":"9   2026-08-11         ملوية  ...                  17.0              206.0","logger":"task.stdout"}
{"timestamp":"2026-08-12T19:36:13.441238Z","level":"info","event":"10  2026-08-11         ملوية  ...                  12.0               23.0","logger":"task.stdout"}
{"timestamp":"2026-08-12T19:36:13.449694Z","level":"info","event":"11  2026-08-11      سوس ماسة  ...                  13.0              139.0","logger":"task.stdout"}
{"timestamp":"2026-08-12T19:36:13.452605Z","level":"info","event":"12  2026-08-11      سوس ماسة  ...                   5.0               67.0","logger":"task.stdout"}
{"timestamp":"2026-08-12T19:36:13.455657Z","level":"info","event":"13  2026-08-11      سوس ماسة  ...                  48.0               73.0","logger":"task.stdout"}
{"timestamp":"2026-08-12T19:36:13.458784Z","level":"info","event":"14  2026-08-11       اللوكوس  ...                  82.0              529.0","logger":"task.stdout"}
{"timestamp":"2026-08-12T19:36:13.464256Z","level":"info","event":"15  2026-08-11       اللوكوس  ...                  82.0              122.0","logger":"task.stdout"}
{"timestamp":"2026-08-12T19:36:13.466964Z","level":"info","event":"16  2026-08-11       اللوكوس  ...                  17.0              443.0","logger":"task.stdout"}
{"timestamp":"2026-08-12T19:36:13.471421Z","level":"info","event":"17  2026-08-11  درعة واد نون  ...                  40.0              173.0","logger":"task.stdout"}
{"timestamp":"2026-08-12T19:36:13.474538Z","level":"info","event":"18  2026-08-11  درعة واد نون  ...                  16.0               53.0","logger":"task.stdout"}
{"timestamp":"2026-08-12T19:36:13.477690Z","level":"info","event":"19  2026-08-11     أم الربيع  ...                  14.0             1092.0","logger":"task.stdout"}
{"timestamp":"2026-08-12T19:36:13.488915Z","level":"info","event":"20  2026-08-11     أم الربيع  ...                   3.0             1080.0","logger":"task.stdout"}
{"timestamp":"2026-08-12T19:36:13.493971Z","level":"info","event":"21  2026-08-11     أم الربيع  ...                  13.0              562.0","logger":"task.stdout"}
{"timestamp":"2026-08-12T19:36:13.508881Z","level":"info","event":"44  2026-08-12     أبي رقراق  ...                  75.0              672.0","logger":"task.stdout"}
{"timestamp":"2026-08-12T19:36:13.514548Z","level":"info","event":"45  2026-08-12     أبي رقراق  ...                   NaN              457.0","logger":"task.stdout"}
{"timestamp":"2026-08-12T19:36:13.523442Z","level":"info","event":"46  2026-08-12  زيز كير غريس  ...                  65.0              162.0","logger":"task.stdout"}
{"timestamp":"2026-08-12T19:36:13.537291Z","level":"info","event":"47  2026-08-12  زيز كير غريس  ...                  35.0               63.0","logger":"task.stdout"}
{"timestamp":"2026-08-12T19:36:13.540537Z","level":"info","event":"48  2026-08-12       تانسيفت  ...                  59.0               50.0","logger":"task.stdout"}
{"timestamp":"2026-08-12T19:36:13.547160Z","level":"info","event":"49  2026-08-12       تانسيفت  ...                  40.0               49.0","logger":"task.stdout"}
{"timestamp":"2026-08-12T19:36:13.557650Z","level":"info","event":"50  2026-08-12           سبو  ...                  51.0             2980.0","logger":"task.stdout"}
{"timestamp":"2026-08-12T19:36:13.565144Z","level":"info","event":"51  2026-08-12           سبو  ...                  39.0              842.0","logger":"task.stdout"}
{"timestamp":"2026-08-12T19:36:13.573576Z","level":"info","event":"52  2026-08-12           سبو  ...                  36.0              174.0","logger":"task.stdout"}
{"timestamp":"2026-08-12T19:36:13.586609Z","level":"info","event":"53  2026-08-12         ملوية  ...                  17.0              206.0","logger":"task.stdout"}
{"timestamp":"2026-08-12T19:36:13.594018Z","level":"info","event":"54  2026-08-12         ملوية  ...                  12.0               23.0","logger":"task.stdout"}
{"timestamp":"2026-08-12T19:36:13.600078Z","level":"info","event":"55  2026-08-12      سوس ماسة  ...                  13.0              139.0","logger":"task.stdout"}
{"timestamp":"2026-08-12T19:36:13.604848Z","level":"info","event":"56  2026-08-12      سوس ماسة  ...                   5.0               67.0","logger":"task.stdout"}
{"timestamp":"2026-08-12T19:36:13.613060Z","level":"info","event":"57  2026-08-12      سوس ماسة  ...                  48.0               73.0","logger":"task.stdout"}
{"timestamp":"2026-08-12T19:36:13.620769Z","level":"info","event":"58  2026-08-12       اللوكوس  ...                  82.0              529.0","logger":"task.stdout"}
{"timestamp":"2026-08-12T19:36:13.634073Z","level":"info","event":"59  2026-08-12       اللوكوس  ...                  82.0              122.0","logger":"task.stdout"}
{"timestamp":"2026-08-12T19:36:13.636931Z","level":"info","event":"60  2026-08-12       اللوكوس  ...                  17.0              443.0","logger":"task.stdout"}
{"timestamp":"2026-08-12T19:36:13.641386Z","level":"info","event":"61  2026-08-12  درعة واد نون  ...                  40.0              173.0","logger":"task.stdout"}
{"timestamp":"2026-08-12T19:36:13.650850Z","level":"info","event":"62  2026-08-12  درعة واد نون  ...                  16.0               53.0","logger":"task.stdout"}
{"timestamp":"2026-08-12T19:36:13.653511Z","level":"info","event":"63  2026-08-12     أم الربيع  ...                  14.0             1092.0","logger":"task.stdout"}
{"timestamp":"2026-08-12T19:36:13.658149Z","level":"info","event":"64  2026-08-12     أم الربيع  ...                   3.0             1080.0","logger":"task.stdout"}
{"timestamp":"2026-08-12T19:36:13.664105Z","level":"info","event":"65  2026-08-12     أم الربيع  ...                  13.0              562.0","logger":"task.stdout"}
{"timestamp":"2026-08-12T19:36:13.669881Z","level":"info","event":"","logger":"task.stdout"}
{"timestamp":"2026-08-12T19:36:13.674828Z","level":"info","event":"[44 rows x 7 columns]","logger":"task.stdout"}
{"timestamp":"2026-08-12T19:36:13.678196Z","level":"info","event":"","logger":"task.stdout"}
{"timestamp":"2026-08-12T19:36:13.685514Z","level":"info","event":"Données propres sauvegardées : /opt/airflow/aquamaroc/data/processed/barrages_daily.csv","logger":"task.stdout"}
{"timestamp":"2026-08-12T19:36:11.287128Z","level":"info","event":"Done. Returned value was: None","run_id":"manual__2026-08-12T19:32:49.552165+00:00","ti_id":"019ff776-995d-7b20-8b17-536fbada20cc","try_number":1,"map_index":-1,"dag_id":"aquamaroc_daily","task_id":"nettoyage","logger":"airflow.task.operators.airflow.providers.standard.decorators.python._PythonDecoratedOperator","filename":"python.py","lineno":233}
{"timestamp":"2026-08-12T19:36:11.333444Z","level":"info","event":"::group::Post Execute","run_id":"manual__2026-08-12T19:32:49.552165+00:00","ti_id":"019ff776-995d-7b20-8b17-536fbada20cc","try_number":1,"map_index":-1,"dag_id":"aquamaroc_daily","task_id":"nettoyage","logger":"task","filename":"task_runner.py","lineno":1577}
{"timestamp":"2026-08-12T19:36:14.246035Z","level":"info","event":"Task instance in success state","logger":"task.stdout"}
{"timestamp":"2026-08-12T19:36:14.256629Z","level":"info","event":" Previous state of the Task instance: TaskInstanceState.RUNNING","logger":"task.stdout"}
{"timestamp":"2026-08-12T19:36:14.462406Z","level":"info","event":"Task operator:<Task(_PythonDecoratedOperator): nettoyage>","logger":"task.stdout"}
{"timestamp":"2026-08-12T19:36:14.265117Z","level":"info","event":"::endgroup::","run_id":"manual__2026-08-12T19:32:49.552165+00:00","ti_id":"019ff776-995d-7b20-8b17-536fbada20cc","try_number":1,"map_index":-1,"dag_id":"aquamaroc_daily","task_id":"nettoyage","logger":"task","filename":"task_runner.py","lineno":2270}
