{"timestamp":"2026-08-12T19:36:22.743124Z","level":"info","event":"::group::Pre Execute","logger":"task","filename":"task_runner.py","lineno":2303}
{"timestamp":"2026-08-12T19:36:23.401367Z","level":"info","event":"DAG bundles loaded: dags-folder, example_dags, apache-airflow-providers-common-sql-example-dags, apache-airflow-providers-standard-example-dags","task_id":"controle_qualite","ti_id":"019ff776-995e-7d83-b73d-57e91253ce6c","map_index":-1,"dag_id":"aquamaroc_daily","try_number":1,"run_id":"manual__2026-08-12T19:32:49.552165+00:00","logger":"airflow.dag_processing.bundles.manager.DagBundlesManager","filename":"manager.py","lineno":271}
{"timestamp":"2026-08-12T19:36:23.449867Z","level":"info","event":"Filling up the DagBag from /opt/airflow/dags/aquamaroc_daily.py","task_id":"controle_qualite","ti_id":"019ff776-995e-7d83-b73d-57e91253ce6c","map_index":-1,"dag_id":"aquamaroc_daily","try_number":1,"run_id":"manual__2026-08-12T19:32:49.552165+00:00","logger":"airflow.dag_processing.dagbag.BundleDagBag","filename":"dagbag.py","lineno":460}
{"timestamp":"2026-08-12T19:36:23.994262Z","level":"info","event":"Worker startup parse complete","bundle_name":"dags-folder","bundle_version":null,"dag_file":"aquamaroc_daily.py","dag_id":"aquamaroc_daily","bundle_prepare_ms":64,"dag_file_parse_ms":555,"task_id":"controle_qualite","ti_id":"019ff776-995e-7d83-b73d-57e91253ce6c","map_index":-1,"try_number":1,"run_id":"manual__2026-08-12T19:32:49.552165+00:00","logger":"task","filename":"task_runner.py","lineno":1062}
{"timestamp":"2026-08-12T19:36:24.250556Z","level":"info","event":"Task instance is in running state","logger":"task.stdout"}
{"timestamp":"2026-08-12T19:36:24.262219Z","level":"info","event":" Previous state of the Task instance: TaskInstanceState.QUEUED","logger":"task.stdout"}
{"timestamp":"2026-08-12T19:36:24.276647Z","level":"info","event":"Current task name:controle_qualite","logger":"task.stdout"}
{"timestamp":"2026-08-12T19:36:24.295195Z","level":"info","event":"Dag name:aquamaroc_daily","logger":"task.stdout"}
{"timestamp":"2026-08-12T19:36:24.259587Z","level":"info","event":"::endgroup::","task_id":"controle_qualite","ti_id":"019ff776-995e-7d83-b73d-57e91253ce6c","map_index":-1,"dag_id":"aquamaroc_daily","try_number":1,"run_id":"manual__2026-08-12T19:32:49.552165+00:00","logger":"task","filename":"task_runner.py","lineno":2107}
{"timestamp":"2026-08-12T19:36:38.920799Z","level":"info","event":"","logger":"task.stdout"}
{"timestamp":"2026-08-12T19:36:38.932556Z","level":"info","event":"⚠️ Avertissements :","logger":"task.stdout"}
{"timestamp":"2026-08-12T19:36:38.936892Z","level":"info","event":"- 2 taux de l'année précédente manquant(s).","logger":"task.stdout"}
{"timestamp":"2026-08-12T19:36:38.940000Z","level":"info","event":"","logger":"task.stdout"}
{"timestamp":"2026-08-12T19:36:38.943467Z","level":"info","event":"✅ Contrôle qualité réussi : 44 lignes vérifiées.","logger":"task.stdout"}
{"timestamp":"2026-08-12T19:36:38.921003Z","level":"info","event":"Done. Returned value was: None","task_id":"controle_qualite","ti_id":"019ff776-995e-7d83-b73d-57e91253ce6c","map_index":-1,"dag_id":"aquamaroc_daily","try_number":1,"run_id":"manual__2026-08-12T19:32:49.552165+00:00","logger":"airflow.task.operators.airflow.providers.standard.decorators.python._PythonDecoratedOperator","filename":"python.py","lineno":233}
{"timestamp":"2026-08-12T19:36:38.925648Z","level":"info","event":"::group::Post Execute","task_id":"controle_qualite","ti_id":"019ff776-995e-7d83-b73d-57e91253ce6c","map_index":-1,"dag_id":"aquamaroc_daily","try_number":1,"run_id":"manual__2026-08-12T19:32:49.552165+00:00","logger":"task","filename":"task_runner.py","lineno":1577}
{"timestamp":"2026-08-12T19:36:39.443173Z","level":"info","event":"Task instance in success state","logger":"task.stdout"}
{"timestamp":"2026-08-12T19:36:39.447077Z","level":"info","event":" Previous state of the Task instance: TaskInstanceState.RUNNING","logger":"task.stdout"}
{"timestamp":"2026-08-12T19:36:39.452358Z","level":"info","event":"Task operator:<Task(_PythonDecoratedOperator): controle_qualite>","logger":"task.stdout"}
{"timestamp":"2026-08-12T19:36:39.451143Z","level":"info","event":"::endgroup::","task_id":"controle_qualite","ti_id":"019ff776-995e-7d83-b73d-57e91253ce6c","map_index":-1,"dag_id":"aquamaroc_daily","try_number":1,"run_id":"manual__2026-08-12T19:32:49.552165+00:00","logger":"task","filename":"task_runner.py","lineno":2270}
