{"timestamp":"2026-08-13T10:41:32.227517Z","level":"info","event":"::group::Pre Execute","logger":"task","filename":"task_runner.py","lineno":2303}
{"timestamp":"2026-08-13T10:41:32.270733Z","level":"info","event":"DAG bundles loaded: dags-folder","try_number":1,"run_id":"manual__2026-08-13T10:41:14.532176+00:00","dag_id":"aquamaroc_daily","ti_id":"019ffab6-3b85-7742-add5-e1f92c9bd407","task_id":"nettoyage","map_index":-1,"logger":"airflow.dag_processing.bundles.manager.DagBundlesManager","filename":"manager.py","lineno":271}
{"timestamp":"2026-08-13T10:41:32.273155Z","level":"info","event":"Filling up the DagBag from /opt/airflow/dags/aquamaroc_daily.py","try_number":1,"run_id":"manual__2026-08-13T10:41:14.532176+00:00","dag_id":"aquamaroc_daily","ti_id":"019ffab6-3b85-7742-add5-e1f92c9bd407","task_id":"nettoyage","map_index":-1,"logger":"airflow.dag_processing.dagbag.BundleDagBag","filename":"dagbag.py","lineno":460}
{"timestamp":"2026-08-13T10:41:32.377556Z","level":"info","event":"Worker startup parse complete","bundle_name":"dags-folder","bundle_version":null,"dag_file":"aquamaroc_daily.py","dag_id":"aquamaroc_daily","bundle_prepare_ms":3,"dag_file_parse_ms":104,"try_number":1,"run_id":"manual__2026-08-13T10:41:14.532176+00:00","ti_id":"019ffab6-3b85-7742-add5-e1f92c9bd407","task_id":"nettoyage","map_index":-1,"logger":"task","filename":"task_runner.py","lineno":1062}
{"timestamp":"2026-08-13T10:41:32.506910Z","level":"info","event":"::endgroup::","try_number":1,"run_id":"manual__2026-08-13T10:41:14.532176+00:00","dag_id":"aquamaroc_daily","ti_id":"019ffab6-3b85-7742-add5-e1f92c9bd407","task_id":"nettoyage","map_index":-1,"logger":"task","filename":"task_runner.py","lineno":2107}
{"timestamp":"2026-08-13T10:41:35.684655Z","level":"info","event":"          date        bassin  ... taux_annee_precedente volume_millions_m3","logger":"task.stdout"}
{"timestamp":"2026-08-13T10:41:35.686277Z","level":"info","event":"0   2026-08-11     أبي رقراق  ...                  75.0              672.0","logger":"task.stdout"}
{"timestamp":"2026-08-13T10:41:35.688016Z","level":"info","event":"1   2026-08-11     أبي رقراق  ...                   NaN              457.0","logger":"task.stdout"}
{"timestamp":"2026-08-13T10:41:35.689638Z","level":"info","event":"2   2026-08-11  زيز كير غريس  ...                  65.0              162.0","logger":"task.stdout"}
{"timestamp":"2026-08-13T10:41:35.691176Z","level":"info","event":"3   2026-08-11  زيز كير غريس  ...                  35.0               63.0","logger":"task.stdout"}
{"timestamp":"2026-08-13T10:41:35.692775Z","level":"info","event":"4   2026-08-11       تانسيفت  ...                  59.0               50.0","logger":"task.stdout"}
{"timestamp":"2026-08-13T10:41:35.694810Z","level":"info","event":"..         ...           ...  ...                   ...                ...","logger":"task.stdout"}
{"timestamp":"2026-08-13T10:41:35.696733Z","level":"info","event":"61  2026-08-13  درعة واد نون  ...                  40.0              173.0","logger":"task.stdout"}
{"timestamp":"2026-08-13T10:41:35.698362Z","level":"info","event":"62  2026-08-13  درعة واد نون  ...                  16.0               53.0","logger":"task.stdout"}
{"timestamp":"2026-08-13T10:41:35.700322Z","level":"info","event":"63  2026-08-13     أم الربيع  ...                  14.0             1092.0","logger":"task.stdout"}
{"timestamp":"2026-08-13T10:41:35.702402Z","level":"info","event":"64  2026-08-13     أم الربيع  ...                   3.0             1080.0","logger":"task.stdout"}
{"timestamp":"2026-08-13T10:41:35.704092Z","level":"info","event":"65  2026-08-13     أم الربيع  ...                  13.0              562.0","logger":"task.stdout"}
{"timestamp":"2026-08-13T10:41:35.706106Z","level":"info","event":"","logger":"task.stdout"}
{"timestamp":"2026-08-13T10:41:35.708020Z","level":"info","event":"[66 rows x 7 columns]","logger":"task.stdout"}
{"timestamp":"2026-08-13T10:41:35.709712Z","level":"info","event":"","logger":"task.stdout"}
{"timestamp":"2026-08-13T10:41:35.712021Z","level":"info","event":"Données propres sauvegardées : /opt/airflow/aquamaroc/data/processed/barrages_daily.csv","logger":"task.stdout"}
{"timestamp":"2026-08-13T10:41:35.684680Z","level":"info","event":"Done. Returned value was: None","try_number":1,"run_id":"manual__2026-08-13T10:41:14.532176+00:00","dag_id":"aquamaroc_daily","ti_id":"019ffab6-3b85-7742-add5-e1f92c9bd407","task_id":"nettoyage","map_index":-1,"logger":"airflow.task.operators.airflow.providers.standard.decorators.python._PythonDecoratedOperator","filename":"python.py","lineno":233}
{"timestamp":"2026-08-13T10:41:35.685150Z","level":"info","event":"::group::Post Execute","try_number":1,"run_id":"manual__2026-08-13T10:41:14.532176+00:00","dag_id":"aquamaroc_daily","ti_id":"019ffab6-3b85-7742-add5-e1f92c9bd407","task_id":"nettoyage","map_index":-1,"logger":"task","filename":"task_runner.py","lineno":1577}
{"timestamp":"2026-08-13T10:41:35.786353Z","level":"info","event":"::endgroup::","try_number":1,"run_id":"manual__2026-08-13T10:41:14.532176+00:00","dag_id":"aquamaroc_daily","ti_id":"019ffab6-3b85-7742-add5-e1f92c9bd407","task_id":"nettoyage","map_index":-1,"logger":"task","filename":"task_runner.py","lineno":2270}
