{"timestamp":"2026-08-13T10:41:43.404748Z","level":"info","event":"::group::Pre Execute","logger":"task","filename":"task_runner.py","lineno":2303}
{"timestamp":"2026-08-13T10:41:43.429450Z","level":"info","event":"DAG bundles loaded: dags-folder","ti_id":"019ffab6-3b88-701a-a772-5bc97f8b1279","map_index":-1,"try_number":1,"task_id":"ingestion_meteo","dag_id":"aquamaroc_daily","run_id":"manual__2026-08-13T10:41:14.532176+00:00","logger":"airflow.dag_processing.bundles.manager.DagBundlesManager","filename":"manager.py","lineno":271}
{"timestamp":"2026-08-13T10:41:43.432764Z","level":"info","event":"Filling up the DagBag from /opt/airflow/dags/aquamaroc_daily.py","ti_id":"019ffab6-3b88-701a-a772-5bc97f8b1279","map_index":-1,"try_number":1,"task_id":"ingestion_meteo","dag_id":"aquamaroc_daily","run_id":"manual__2026-08-13T10:41:14.532176+00:00","logger":"airflow.dag_processing.dagbag.BundleDagBag","filename":"dagbag.py","lineno":460}
{"timestamp":"2026-08-13T10:41:43.496836Z","level":"info","event":"Worker startup parse complete","bundle_name":"dags-folder","bundle_version":null,"dag_file":"aquamaroc_daily.py","dag_id":"aquamaroc_daily","bundle_prepare_ms":5,"dag_file_parse_ms":64,"ti_id":"019ffab6-3b88-701a-a772-5bc97f8b1279","map_index":-1,"try_number":1,"task_id":"ingestion_meteo","run_id":"manual__2026-08-13T10:41:14.532176+00:00","logger":"task","filename":"task_runner.py","lineno":1062}
{"timestamp":"2026-08-13T10:41:43.537291Z","level":"info","event":"::endgroup::","ti_id":"019ffab6-3b88-701a-a772-5bc97f8b1279","map_index":-1,"try_number":1,"task_id":"ingestion_meteo","dag_id":"aquamaroc_daily","run_id":"manual__2026-08-13T10:41:14.532176+00:00","logger":"task","filename":"task_runner.py","lineno":2107}
{"timestamp":"2026-08-13T10:41:45.221651Z","level":"info","event":"Météo : الحسن الثاني","logger":"task.stdout"}
{"timestamp":"2026-08-13T10:41:45.563950Z","level":"info","event":"Météo : محمد الخامس","logger":"task.stdout"}
{"timestamp":"2026-08-13T10:41:45.856654Z","level":"info","event":"Météo : وادي المخازن","logger":"task.stdout"}
{"timestamp":"2026-08-13T10:41:46.144142Z","level":"info","event":"Météo : أسفالو","logger":"task.stdout"}
{"timestamp":"2026-08-13T10:41:46.457297Z","level":"info","event":"Météo : الوحدة","logger":"task.stdout"}
{"timestamp":"2026-08-13T10:41:46.753439Z","level":"info","event":"Météo : حسن الداخل","logger":"task.stdout"}
{"timestamp":"2026-08-13T10:41:47.044467Z","level":"info","event":"Météo : قدوسة","logger":"task.stdout"}
{"timestamp":"2026-08-13T10:41:47.332523Z","level":"info","event":"Météo : تيداس","logger":"task.stdout"}
{"timestamp":"2026-08-13T10:41:47.632694Z","level":"info","event":"Météo : أحمد الحنصالي","logger":"task.stdout"}
{"timestamp":"2026-08-13T10:41:47.911860Z","level":"info","event":"Météo : المسيرة","logger":"task.stdout"}
{"timestamp":"2026-08-13T10:41:48.214667Z","level":"info","event":"Météo : بين الويدان","logger":"task.stdout"}
{"timestamp":"2026-08-13T10:41:48.494118Z","level":"info","event":"Météo : عبد المومن","logger":"task.stdout"}
{"timestamp":"2026-08-13T10:41:48.789035Z","level":"info","event":"Météo : مولاي عبد الله","logger":"task.stdout"}
{"timestamp":"2026-08-13T10:41:49.069357Z","level":"info","event":"Météo : يوسف بن تاشفين","logger":"task.stdout"}
{"timestamp":"2026-08-13T10:41:49.368348Z","level":"info","event":"Météo : منصور الذهبي","logger":"task.stdout"}
{"timestamp":"2026-08-13T10:41:49.682254Z","level":"info","event":"","logger":"task.stdout"}
{"timestamp":"2026-08-13T10:41:49.683377Z","level":"info","event":"✅ Données météo récupérées.","logger":"task.stdout"}
{"timestamp":"2026-08-13T10:41:49.696138Z","level":"info","event":"          date         barrage  ... precipitation_mm  et0_mm","logger":"task.stdout"}
{"timestamp":"2026-08-13T10:41:49.697249Z","level":"info","event":"15  2026-08-13    الحسن الثاني  ...              0.0    6.53","logger":"task.stdout"}
{"timestamp":"2026-08-13T10:41:49.698538Z","level":"info","event":"16  2026-08-13     محمد الخامس  ...              0.0    6.62","logger":"task.stdout"}
{"timestamp":"2026-08-13T10:41:49.699495Z","level":"info","event":"17  2026-08-13    وادي المخازن  ...              0.0    6.45","logger":"task.stdout"}
{"timestamp":"2026-08-13T10:41:49.700491Z","level":"info","event":"18  2026-08-13          أسفالو  ...              0.5    6.16","logger":"task.stdout"}
{"timestamp":"2026-08-13T10:41:49.701470Z","level":"info","event":"19  2026-08-13          الوحدة  ...              0.0    6.68","logger":"task.stdout"}
{"timestamp":"2026-08-13T10:41:49.702464Z","level":"info","event":"20  2026-08-13      حسن الداخل  ...              0.1    7.73","logger":"task.stdout"}
{"timestamp":"2026-08-13T10:41:49.703488Z","level":"info","event":"21  2026-08-13           قدوسة  ...              0.1    6.60","logger":"task.stdout"}
{"timestamp":"2026-08-13T10:41:49.704967Z","level":"info","event":"22  2026-08-13           تيداس  ...              0.0    7.51","logger":"task.stdout"}
{"timestamp":"2026-08-13T10:41:49.706607Z","level":"info","event":"23  2026-08-13   أحمد الحنصالي  ...              0.0    8.24","logger":"task.stdout"}
{"timestamp":"2026-08-13T10:41:49.707805Z","level":"info","event":"24  2026-08-13         المسيرة  ...              0.0    8.41","logger":"task.stdout"}
{"timestamp":"2026-08-13T10:41:49.708824Z","level":"info","event":"25  2026-08-13     بين الويدان  ...              0.0    8.68","logger":"task.stdout"}
{"timestamp":"2026-08-13T10:41:49.709843Z","level":"info","event":"26  2026-08-13      عبد المومن  ...              0.0    8.34","logger":"task.stdout"}
{"timestamp":"2026-08-13T10:41:49.710843Z","level":"info","event":"27  2026-08-13  مولاي عبد الله  ...              0.0    6.08","logger":"task.stdout"}
{"timestamp":"2026-08-13T10:41:49.711787Z","level":"info","event":"28  2026-08-13  يوسف بن تاشفين  ...              0.0    5.93","logger":"task.stdout"}
{"timestamp":"2026-08-13T10:41:49.712865Z","level":"info","event":"29  2026-08-13    منصور الذهبي  ...              0.0    6.69","logger":"task.stdout"}
{"timestamp":"2026-08-13T10:41:49.713832Z","level":"info","event":"","logger":"task.stdout"}
{"timestamp":"2026-08-13T10:41:49.714801Z","level":"info","event":"[15 rows x 8 columns]","logger":"task.stdout"}
{"timestamp":"2026-08-13T10:41:49.696327Z","level":"info","event":"Done. Returned value was: None","ti_id":"019ffab6-3b88-701a-a772-5bc97f8b1279","map_index":-1,"try_number":1,"task_id":"ingestion_meteo","dag_id":"aquamaroc_daily","run_id":"manual__2026-08-13T10:41:14.532176+00:00","logger":"airflow.task.operators.airflow.providers.standard.decorators.python._PythonDecoratedOperator","filename":"python.py","lineno":233}
{"timestamp":"2026-08-13T10:41:49.696799Z","level":"info","event":"::group::Post Execute","ti_id":"019ffab6-3b88-701a-a772-5bc97f8b1279","map_index":-1,"try_number":1,"task_id":"ingestion_meteo","dag_id":"aquamaroc_daily","run_id":"manual__2026-08-13T10:41:14.532176+00:00","logger":"task","filename":"task_runner.py","lineno":1577}
{"timestamp":"2026-08-13T10:41:49.744947Z","level":"info","event":"::endgroup::","ti_id":"019ffab6-3b88-701a-a772-5bc97f8b1279","map_index":-1,"try_number":1,"task_id":"ingestion_meteo","dag_id":"aquamaroc_daily","run_id":"manual__2026-08-13T10:41:14.532176+00:00","logger":"task","filename":"task_runner.py","lineno":2270}
